[2026-07-05 10:12:11] [WARNING] [app] Mixer init failed: dsp: No such audio device
[2026-07-05 10:12:31] [WARNING] [app] Mixer init failed: dsp: No such audio device
[2026-07-05 10:12:32] [INFO] [auth] User registered: TestPlayer (id=1)
[2026-07-05 10:12:32] [INFO] [mailer] SMTP not configured; verification email saved to /home/user/ChessMaster/logs/emails/20260705_101232_test.player_at_gmail.com.txt
[2026-07-05 10:12:32] [INFO] [auth] User logged in: TestPlayer
[2026-07-05 10:12:32] [WARNING] [assets] Sound move failed: mixer not initialized
[2026-07-05 10:13:11] [WARNING] [app] Mixer init failed: dsp: No such audio device
[2026-07-05 10:14:11] [WARNING] [app] Mixer init failed: dsp: No such audio device
[2026-07-09 18:11:23] [ERROR] [game] Save match failed: FOREIGN KEY constraint failed
[2026-07-10 09:35:56] [ERROR] [client] connect fail: [Errno 111] Connection refused
[2026-07-10 15:28:03] [ERROR] [client] connect fail: [Errno 61] Connection refused
[2026-07-10 15:31:13] [INFO] [auth] User registered: pujan (id=1)
[2026-07-10 15:31:13] [INFO] [mailer] SMTP not configured; verification email saved to /Users/mac/Downloads/ChessMaster/logs/emails/20260710_153113_pujan_at_gmail.com.txt
[2026-07-10 15:31:25] [INFO] [auth] User logged in: pujan
[2026-07-10 15:31:35] [INFO] [auth] User logged in: pujan
[2026-07-10 15:34:02] [ERROR] [client] read loop: [Errno 9] Bad file descriptor
[2026-07-10 15:34:02] [ERROR] [client] read loop: [Errno 9] Bad file descriptor
[2026-07-10 15:34:02] [ERROR] [client] read loop: [Errno 9] Bad file descriptor
[2026-07-10 15:34:02] [ERROR] [client] read loop: [Errno 9] Bad file descriptor
[2026-07-12 23:00:41] [INFO] [auth] User registered: ashok (id=2)
[2026-07-12 23:00:41] [INFO] [mailer] SMTP not configured; verification email saved to /Users/mac/Downloads/ChessMaster/logs/emails/20260712_230041_Ashok_at_gmail.com.txt
[2026-07-12 23:00:54] [INFO] [auth] User verified: ashok
[2026-07-12 23:01:04] [INFO] [auth] User logged in: ashok
[2026-07-12 23:02:21] [INFO] [auth] User logged in: ashok
[2026-07-16 13:35:12] [INFO] [auth] User registered: puzan (id=3)
[2026-07-16 13:35:12] [INFO] [mailer] SMTP not configured; verification email saved to /Users/mac/Downloads/ChessMaster/logs/emails/20260716_133512_puzan2619_at_gmail.com.txt
[2026-07-16 13:35:24] [INFO] [auth] User verified: puzan
[2026-07-16 13:36:01] [INFO] [auth] User logged in: puzan
[2026-07-16 13:37:22] [INFO] [auth] User logged in: puzan
[2026-07-16 13:38:27] [ERROR] [client] read loop: [Errno 9] Bad file descriptor
[2026-07-16 13:39:48] [ERROR] [client] read loop: [Errno 9] Bad file descriptor
[2026-07-16 13:40:26] [ERROR] [client] read loop: [Errno 9] Bad file descriptor
[2026-07-16 13:41:27] [ERROR] [client] read loop: [Errno 9] Bad file descriptor
[2026-07-16 13:41:27] [ERROR] [client] read loop: [Errno 9] Bad file descriptor
[2026-07-16 13:41:27] [ERROR] [client] read loop: [Errno 9] Bad file descriptor
[2026-07-16 13:41:27] [ERROR] [client] read loop: [Errno 9] Bad file descriptor
[2026-08-08 20:23:39] [INFO] [auth] User logged in: puzan
[2026-08-09 02:05:01] [INFO] [auth] User logged in: puzan
[2026-08-09 03:34:57] [INFO] [auth] User logged in: puzan
[2026-08-09 03:42:02] [INFO] [auth] User logged in: puzan
[2026-08-09 10:10:04] [ERROR] [client] read loop: [Errno 9] Bad file descriptor
[2026-08-09 10:10:06] [ERROR] [client] read loop: [Errno 9] Bad file descriptor
[2026-08-09 10:19:45] [INFO] [auth] User registered: manir (id=4)
[2026-08-09 10:19:45] [INFO] [mailer] SMTP not configured; verification email saved to /Users/mac/Downloads/ChessMaster/logs/emails/20260809_101945_manir_at_gmail.com.txt
[2026-08-09 10:19:55] [INFO] [auth] User logged in: manir
[2026-08-09 10:20:35] [INFO] [auth] User registered: ganga (id=5)
[2026-08-09 10:20:35] [INFO] [mailer] SMTP not configured; verification email saved to /Users/mac/Downloads/ChessMaster/logs/emails/20260809_102035_ganga_at_gmail.com.txt
[2026-08-09 10:20:45] [INFO] [auth] User logged in: ganga
[2026-08-09 10:21:27] [INFO] [auth] User registered: nishant (id=6)
[2026-08-09 10:21:27] [INFO] [mailer] SMTP not configured; verification email saved to /Users/mac/Downloads/ChessMaster/logs/emails/20260809_102127_nishant_at_gmail.com.txt
[2026-08-09 10:21:44] [INFO] [auth] User logged in: nishant
[2026-08-09 10:22:57] [ERROR] [client] read loop: [Errno 9] Bad file descriptor
[2026-08-09 10:23:14] [ERROR] [client] read loop: [Errno 9] Bad file descriptor
[2026-08-09 10:23:31] [ERROR] [client] read loop: [Errno 9] Bad file descriptor
[2026-08-09 10:23:44] [ERROR] [client] read loop: [Errno 9] Bad file descriptor
[2026-08-09 10:24:43] [ERROR] [client] read loop: [Errno 9] Bad file descriptor
[2026-08-09 10:24:43] [ERROR] [client] read loop: [Errno 9] Bad file descriptor
[2026-08-09 10:24:43] [ERROR] [client] read loop: [Errno 9] Bad file descriptor
[2026-08-09 10:24:43] [ERROR] [client] read loop: [Errno 9] Bad file descriptor
[2026-08-31 23:59:46] [INFO] [auth] User registered: sanjit (id=7)
[2026-08-31 23:59:46] [INFO] [mailer] SMTP not configured; verification email saved to /Users/mac/Downloads/ChessMaster/logs/emails/20260831_235946_sanjit_at_gmail.com.txt
[2026-09-01 00:00:15] [INFO] [auth] User registered: Bhabesh (id=8)
[2026-09-01 00:00:15] [INFO] [mailer] SMTP not configured; verification email saved to /Users/mac/Downloads/ChessMaster/logs/emails/20260901_000015_Bhabesh_at_gmail.com.txt
[2026-09-01 00:00:44] [INFO] [auth] User registered: pranit (id=9)
[2026-09-01 00:00:44] [INFO] [mailer] SMTP not configured; verification email saved to /Users/mac/Downloads/ChessMaster/logs/emails/20260901_000044_pranit_at_gmail.com.txt
[2026-09-01 00:01:16] [INFO] [auth] User registered: dragon (id=10)
[2026-09-01 00:01:16] [INFO] [mailer] SMTP not configured; verification email saved to /Users/mac/Downloads/ChessMaster/logs/emails/20260901_000116_dragon_at_gmail.com.txt
